#  () is used to denote digital_cell, e.g. (digital_ff)
#  <> is used to denote analog_cell, e.g. <analog_ff>
#  {} is used to denote ams_cell, e.g. {ams_ff}
#  [] is used to denote verilog-A, e.g. [verilog-A]
vcs_paramclassrepository(vcs_paramclassrepository)
_vcs_mirror_class_package(_vcs_mirror_class_package)
_vcs_DPI_package(_vcs_DPI_package)
_vcs_unit__3668485489(_vcs_unit__3668485489)
std(std)
uvm_pkg(uvm_pkg)
_vcs_msglog(_vcs_msglog)
uvm_custom_install_recording(uvm_custom_install_recording)
vramp{vramp}
diode_simple{diode_simple}
res_mod{res_mod}
verif_pkg(verif_pkg)
insgen_pkg(insgen_pkg)
memw_pkg(memw_pkg)
pk_syoscb(pk_syoscb)
top_pkg(top_pkg)
top_test_pkg(top_test_pkg)
top_tb(top_tb).th(top_th).cpll{cpll180nm}.fm{freqmeasure}
top_tb(top_tb).th(top_th).cpll{cpll180nm}.v0{vsrc}
top_tb(top_tb).th(top_th).cpll{cpll180nm}.i4{mos_level1}
top_tb(top_tb).th(top_th).cpll{cpll180nm}.i3{mos_level1}
top_tb(top_tb).th(top_th).cpll{cpll180nm}.i3c{mos_level1p}
top_tb(top_tb).th(top_th).cpll{cpll180nm}.i3c2{mos_level1p}
top_tb(top_tb).th(top_th).cpll{cpll180nm}.vr1{varactor}
top_tb(top_tb).th(top_th).cpll{cpll180nm}.vr2{varactor}
top_tb(top_tb).th(top_th).cpll{cpll180nm}.i6{ind}
top_tb(top_tb).th(top_th).cpll{cpll180nm}.dcblock{cap}
top_tb(top_tb).th(top_th).cpll{cpll180nm}.i33{mos_level1}
top_tb(top_tb).th(top_th).cpll{cpll180nm}.i34{mos_level1}
top_tb(top_tb).th(top_th).cpll{cpll180nm}.i35{res}
top_tb(top_tb).th(top_th).cpll{cpll180nm}.i32{mos_level1}
top_tb(top_tb).th(top_th).cpll{cpll180nm}.vp{vpulse}
top_tb(top_tb).th(top_th).cpll{cpll180nm}.cp1{mos_level1p}
top_tb(top_tb).th(top_th).cpll{cpll180nm}.cn1{mos_level1}
top_tb(top_tb).th(top_th).cpll{cpll180nm}.dff1{d_ff_r}
top_tb(top_tb).th(top_th).cpll{cpll180nm}.dff2{d_ff_r}
top_tb(top_tb).th(top_th).cpll{cpll180nm}.runused{res}
top_tb(top_tb).th(top_th).cpll{cpll180nm}.ag1{and_gate}
top_tb(top_tb).th(top_th).cpll{cpll180nm}.pfdm1{mos_level1p}
top_tb(top_tb).th(top_th).cpll{cpll180nm}.pfdm2{mos_level1}
top_tb(top_tb).th(top_th).cpll{cpll180nm}.rlpf{res}
top_tb(top_tb).th(top_th).cpll{cpll180nm}.clpf{cap}
top_tb(top_tb).th(top_th).cpll{cpll180nm}.vref{vclkgen}
top_tb(top_tb).th(top_th).cpll{cpll180nm}.fdiv{freqdivider}
top_tb(top_tb).th(top_th).insgen_if_0(insgen_if)
top_tb(top_tb).th(top_th).memw_if_0(memw_if)
top_tb(top_tb).th(top_th).uut(soc_top).dut_top_inst(dut_top).vif(mdriver_int)
top_tb(top_tb).th(top_th).uut(soc_top).dut_top_inst(dut_top).axi_master_wrapper_inst(axi_master_wrapper).vif(axilite_int)
top_tb(top_tb).th(top_th).uut(soc_top).dut_top_inst(dut_top).axi_master_wrapper_inst(axi_master_wrapper).memslave_inst(memslave)
top_tb(top_tb).th(top_th).uut(soc_top).dut_top_inst(dut_top).cpu_inst(cpu).mif(masterif)
top_tb(top_tb).th(top_th).uut(soc_top).dut_top_inst(dut_top).cpu_inst(cpu).instruction(instruction_parser)
top_tb(top_tb).th(top_th).uut(soc_top).dut_top_inst(dut_top).cpu_inst(cpu).umem_inst(umem)
top_tb(top_tb).th(top_th).uut(soc_top).dut_top_inst(dut_top).sindrv_inst(sindrv).genblk1[0].lfsr_insta(lfsr_5bit)
top_tb(top_tb).th(top_th).uut(soc_top).dut_top_inst(dut_top).sindrv_inst(sindrv).genblk1[1].lfsr_insta(lfsr_5bit)
top_tb(top_tb).th(top_th).uut(soc_top).dut_top_inst(dut_top).aximem_inst(aximem)
