#  () is used to denote digital_cell, e.g. (digital_ff)
#  <> is used to denote analog_cell, e.g. <analog_ff>
#  {} is used to denote ams_cell, e.g. {ams_ff}
#  [] is used to denote verilog-A, e.g. [verilog-A]
vcs_paramclassrepository(vcs_paramclassrepository)
_vcs_mirror_class_package(_vcs_mirror_class_package)
_vcs_DPI_package(_vcs_DPI_package)
_vcs_unit__3385714133(_vcs_unit__3385714133)
std(std)
uvm_pkg(uvm_pkg)
_vcs_msglog(_vcs_msglog)
uvm_custom_install_recording(uvm_custom_install_recording)
uvm_custom_install_verdi_recording(uvm_custom_install_verdi_recording)
top{top}.fm{freqmeasure}
top{top}.v0{vsrc}
top{top}.i4{mos_level1}
top{top}.i3{mos_level1}
top{top}.i3c{mos_level1p}
top{top}.i3c2{mos_level1p}
top{top}.vr1{varactor}
top{top}.vr2{varactor}
top{top}.i6{ind}
top{top}.dcblock{cap}
top{top}.i33{mos_level1}
top{top}.i34{mos_level1}
top{top}.i35{res}
top{top}.i32{mos_level1}
top{top}.vp{vpulse}
top{top}.cp1{mos_level1p}
top{top}.cn1{mos_level1}
top{top}.dff1{d_ff_r}
top{top}.dff2{d_ff_r}
top{top}.runused{res}
top{top}.ag1{and_gate}
top{top}.pfdm1{mos_level1p}
top{top}.pfdm2{mos_level1}
top{top}.rlpf{res}
top{top}.clpf{cap}
top{top}.vref{vclkgen}
top{top}.fdiv{freqdivider}
vramp{vramp}
diode_simple{diode_simple}
res_mod{res_mod}
verif_pkg(verif_pkg)
insgen_pkg(insgen_pkg)
memw_pkg(memw_pkg)
pk_syoscb(pk_syoscb)
top_pkg(top_pkg)
top_test_pkg(top_test_pkg)
top_tb(top_tb).th(top_th).insgen_if_0(insgen_if)
top_tb(top_tb).th(top_th).memw_if_0(memw_if)
top_tb(top_tb).th(top_th).uut(soc_top).dut_top_inst(dut_top).vif(mdriver_int)
top_tb(top_tb).th(top_th).uut(soc_top).dut_top_inst(dut_top).axi_master_wrapper_inst(axi_master_wrapper).vif(axilite_int)
top_tb(top_tb).th(top_th).uut(soc_top).dut_top_inst(dut_top).axi_master_wrapper_inst(axi_master_wrapper).memslave_inst(memslave)
top_tb(top_tb).th(top_th).uut(soc_top).dut_top_inst(dut_top).cpu_inst(cpu).mif(masterif)
top_tb(top_tb).th(top_th).uut(soc_top).dut_top_inst(dut_top).cpu_inst(cpu).instruction(instruction_parser)
top_tb(top_tb).th(top_th).uut(soc_top).dut_top_inst(dut_top).cpu_inst(cpu).umem_inst(umem)
top_tb(top_tb).th(top_th).uut(soc_top).dut_top_inst(dut_top).sindrv_inst(sindrv).genblk1[0].lfsr_insta(lfsr_5bit)
top_tb(top_tb).th(top_th).uut(soc_top).dut_top_inst(dut_top).sindrv_inst(sindrv).genblk1[1].lfsr_insta(lfsr_5bit)
top_tb(top_tb).th(top_th).uut(soc_top).dut_top_inst(dut_top).aximem_inst(aximem)
